[36mtests/type_RecordFieldNotBelong/type_RecordFieldNotBelong_1.ml:9 23-24
[0m6 | type lol =
7 |   | Something of asd
8 | 
9 | let bla (Something {a; [31;4mb[0m}) = 1

[31mError[0m: This record pattern is expected to have type asd
       The field b does not belong to type asd
