[36mtests/type_RecordFieldsUndefined/type_RecordFieldsUndefined_1.ml:6:10-8:1
[0m3 |   b: string;
4 | }
5 | 
6 | let bla = [31;4m{[0m
7 | [31;4m  a = 5;[0m
8 | [31;4m}[0m

[31mError[0m: Some record fields are undefined: b
