[36mtests/type_IncompatibleType/type_IncompatibleType_7.ml:15 13-16
[0m12 | 
13 | let dec (f: Abc.myString -> Def.myBool) = 1
14 | 
15 | let () = dec [31;4minc[0m

[31mError[0m: The types don't match.
[31;4mThis is:[0m Abc.[31mmyInt -> Def.myFloat[0m
[32mWanted:[0m  Abc.[32mmyString -> Def.myBool[0m
Extra info: Type Abc.myInt = int is not compatible with type Abc.myString = string
