[36mtests/type_UnboundModule/type_UnboundModule_2.ml:10 5-63
[0m 7 |   end
 8 | end
 9 | 
10 | open [31;4mHelloWorld.ThisMorningIThink.IWillEatSomeDelicious.Pancaek[0m

[31mError[0m: Module `HelloWorld.ThisMorningIThink.IWillEatSomeDelicious.Pancaek` not found in included libraries.
Hint: did you mean `Pancake`?
